// Jest Snapshot v1, https://goo.gl/fbAQLP

exports[`Pruebas en  Mostrar componente correctamente 1`] = `
<div
  className="image animate__animated animate__bounce animate"
>
  <p>
    Titulo
  </p>
  <img
    alt="Titulo"
    src="Enlace"
  />
</div>
`;
